2026-03-15 23:32:15,072 [INFO] Running scraper: homegate
2026-03-15 23:33:00,637 [ERROR] Scraper homegate failed: Page.goto: Timeout 45000ms exceeded.
Call log:
  - navigating to "https://www.homegate.ch/rent/industrial-object/city-geneva/matching-list", waiting until "networkidle"
Traceback (most recent call last):
  File "/home/runner/work/Boxing-Gym-Scanner/Boxing-Gym-Scanner/main.py", line 41, in main
    items = scraper.scrape()
            ^^^^^^^^^^^^^^^^
  File "/home/runner/work/Boxing-Gym-Scanner/Boxing-Gym-Scanner/scrapers/base_scraper.py", line 43, in scrape
    html = self.fetch_html(url)
           ^^^^^^^^^^^^^^^^^^^^
  File "/home/runner/work/Boxing-Gym-Scanner/Boxing-Gym-Scanner/scrapers/base_scraper.py", line 32, in fetch_html
    return fetch_dynamic_html(url, timeout_ms=self.timeout * 1000)
           ^^^^^^^^^^^^^^^^^^^^^^^^^^^^^^^^^^^^^^^^^^^^^^^^^^^^^^^
  File "/home/runner/work/Boxing-Gym-Scanner/Boxing-Gym-Scanner/utils/browser.py", line 10, in fetch_dynamic_html
    page.goto(url, timeout=timeout_ms, wait_until="networkidle")
  File "/opt/hostedtoolcache/Python/3.11.14/x64/lib/python3.11/site-packages/playwright/sync_api/_generated.py", line 9024, in goto
    self._sync(
  File "/opt/hostedtoolcache/Python/3.11.14/x64/lib/python3.11/site-packages/playwright/_impl/_sync_base.py", line 115, in _sync
    return task.result()
           ^^^^^^^^^^^^^
  File "/opt/hostedtoolcache/Python/3.11.14/x64/lib/python3.11/site-packages/playwright/_impl/_page.py", line 552, in goto
    return await self._main_frame.goto(**locals_to_params(locals()))
           ^^^^^^^^^^^^^^^^^^^^^^^^^^^^^^^^^^^^^^^^^^^^^^^^^^^^^^^^^
  File "/opt/hostedtoolcache/Python/3.11.14/x64/lib/python3.11/site-packages/playwright/_impl/_frame.py", line 145, in goto
    await self._channel.send("goto", locals_to_params(locals()))
  File "/opt/hostedtoolcache/Python/3.11.14/x64/lib/python3.11/site-packages/playwright/_impl/_connection.py", line 61, in send
    return await self._connection.wrap_api_call(
           ^^^^^^^^^^^^^^^^^^^^^^^^^^^^^^^^^^^^^
  File "/opt/hostedtoolcache/Python/3.11.14/x64/lib/python3.11/site-packages/playwright/_impl/_connection.py", line 528, in wrap_api_call
    raise rewrite_error(error, f"{parsed_st['apiName']}: {error}") from None
playwright._impl._errors.TimeoutError: Page.goto: Timeout 45000ms exceeded.
Call log:
  - navigating to "https://www.homegate.ch/rent/industrial-object/city-geneva/matching-list", waiting until "networkidle"

2026-03-15 23:33:00,638 [INFO] Running scraper: realadvisor
2026-03-15 23:33:05,576 [INFO] realadvisor returned 57 listings
2026-03-15 23:33:05,576 [INFO] Running scraper: rosset
2026-03-15 23:33:07,607 [ERROR] Scraper rosset failed: 404 Client Error: Not Found for url: https://www.rosset.ch/locations/
Traceback (most recent call last):
  File "/home/runner/work/Boxing-Gym-Scanner/Boxing-Gym-Scanner/main.py", line 41, in main
    items = scraper.scrape()
            ^^^^^^^^^^^^^^^^
  File "/home/runner/work/Boxing-Gym-Scanner/Boxing-Gym-Scanner/scrapers/base_scraper.py", line 43, in scrape
    html = self.fetch_html(url)
           ^^^^^^^^^^^^^^^^^^^^
  File "/home/runner/work/Boxing-Gym-Scanner/Boxing-Gym-Scanner/scrapers/base_scraper.py", line 34, in fetch_html
    response.raise_for_status()
  File "/opt/hostedtoolcache/Python/3.11.14/x64/lib/python3.11/site-packages/requests/models.py", line 1024, in raise_for_status
    raise HTTPError(http_error_msg, response=self)
requests.exceptions.HTTPError: 404 Client Error: Not Found for url: https://www.rosset.ch/locations/
2026-03-15 23:33:07,608 [INFO] Running scraper: pilet_renaud
2026-03-15 23:33:10,164 [INFO] pilet_renaud returned 0 listings
2026-03-15 23:33:10,164 [INFO] Running scraper: comparis
2026-03-15 23:33:11,706 [INFO] comparis returned 0 listings
2026-03-15 23:33:11,706 [INFO] Running scraper: immobilier_ch
2026-03-15 23:33:16,823 [INFO] immobilier_ch returned 0 listings
2026-03-15 23:33:17,393 [INFO] No new or changed matching listings.
2026-03-15 23:33:17,393 [INFO] Run complete. Total processed=56
